./assets/Comparison-B8tFXzJ6.js: OK
./assets/ContextReferences-3wQHJz76.js: OK
./assets/Controls-CpoSkYip.js: OK
./assets/DemoTools-B3Wk4owS.js: OK
./assets/Journal-B6PG1jzg.js: OK
./assets/Lab-C2OiuF_a.js: OK
./assets/PacketInspector-DkHs1mNI.js: OK
./assets/Reader-aa8u-QAs.js: OK
./assets/Recorder-CmWes9r2.js: OK
./assets/Reference-CaKUNTTv.js: OK
./assets/associations-PzH66BJv.js: OK
./assets/browser-LVZ05qMN.js: OK
./assets/execution-fixtures.manifest-BWwzP4o_.js: OK
./assets/index-BsnxrV4t.js: OK
./assets/index-DWAoQmdF.css: OK
./assets/jsx-runtime-Cu7Iu-c-.js: OK
./assets/projector-LvLM2tKM.js: OK
./assets/registration-BRZYDOlj.js: OK
./assets/registration-DtjdmnZ6.js: OK
./assets/registration-ghKwi7Yr.js: OK
./assets/registration-y4Ahzn4t.js: OK
./assets/rolldown-runtime-S-ySWqyJ.js: OK
./assets/runtime-adROSz-w.js: OK
./assets/schema-06TCgKGJ.js: OK
./assets/schema-BRuNWbp7.js: OK
./assets/schema-BpjO8YKC.js: OK
./assets/schema-CrQ__AO7.js: OK
./assets/transport-Dzh_oLTu.js: OK
./assets/ui-C7tsaAUa.js: OK
./assets/worlds-Cfp5AcLf.js: OK
./favicon.svg: OK
./index.html: OK
./mockServiceWorker.js: OK
