PASS http desktop Clangd investigation, source identity, Evidence/packet navigation and restored focus
PASS http phone Clangd investigation, source identity, Evidence/packet navigation and restored focus
PASS worker desktop Clangd investigation, source identity, Evidence/packet navigation and restored focus
PASS worker phone Clangd investigation, source identity, Evidence/packet navigation and restored focus
PASS http desktop Typed fanout keeps correlation separate and controls distinct
PASS worker desktop Typed fanout keeps correlation separate and controls distinct
PASS http desktop 50-row paging, selection and bounded DOM replacement
PASS worker desktop 50-row paging, selection and bounded DOM replacement
PASS http desktop Unknown, missing, stale, mismatched and refused projections
PASS http desktop Failed refresh retains valid data; refusal clears owned data and validators
PASS http desktop Conditional manual refresh, historical firewall and explicit trace choice
PASS http desktop Unexpected project/snapshot bindings and obsolete source replies
PASS http desktop Concealed shared Controls make no reads; source selection is explicit
PASS http desktop Execution table off-page selection and list-focus restoration
PASS http desktop Disclosed Controls execution-list failure is explicit and recoverable
PASS http desktop Keyboard tabs, long/hostile text, dark theme and 200% zoom
PASS http phone Keyboard tabs, long/hostile text, dark theme and 200% zoom
PASS http phone Responsive tables are reachable and story provenance conforms (390px)
PASS http phone Responsive tables are reachable and story provenance conforms (720px)
PASS worker phone Responsive tables are reachable and story provenance conforms (390px)
PASS worker phone Responsive tables are reachable and story provenance conforms (720px)
PASS http desktop Copied Controls receipt tab and deep packet return state
