v22.22.2
10.9.7
3cab231b1ea36beabd4352426ca56d9a9c5bdbec14d78ac719b26cb7b369b0b2  package-lock.json
d6356958ad38cd52e4383f869a9a05b20b44fa98be22ce0240bd3b182521980f  /opt/spt-frontend/frontend-npm-manifest.json
9b6b6030d1958c80ec6b284e03a46cc3b050cde0ad008f5157c13520b0bf3246  /opt/spt-frontend/SHA256SUMS

added 395 packages in 6s

> @aew/read-only-dashboard@0.1.0 generate:types
> openapi-typescript ../docs/design/dashboard-api-v1-provisional.yaml -o src/api/types.ts

✨ openapi-typescript 7.13.0
🚀 ../docs/design/dashboard-api-v1-provisional.yaml → src/api/types.ts [85.4ms]
Accepted API 0.1.2: 68b46527c4df974fde8ae5808e7d3c6bc588a4010a3d5d2adbe47f4c7583d691

> @aew/read-only-dashboard@0.1.0 check:scenario
> node --experimental-strip-types scripts/scenario-artifact.mjs

Scenario configuration artifacts match their runtime schema

> @aew/read-only-dashboard@0.1.0 typecheck
> tsc --noEmit


> @aew/read-only-dashboard@0.1.0 lint
> eslint .


> @aew/read-only-dashboard@0.1.0 test
> vitest run


 RUN  v4.1.5 /tmp/aew/web

 ✓ tests/refresh.test.tsx (4 tests) 51ms
 ✓ tests/transport.test.ts (3 tests) 22ms
 ✓ tests/content.test.tsx (6 tests) 145ms
 ✓ tests/contract.test.ts (28 tests) 224ms
 ✓ tests/developer-tools.test.tsx (7 tests) 707ms
   ✓ historical graph bounds supplied references and does not automatically crawl them  679ms
 ✓ tests/revision-reconciliation.test.tsx (5 tests) 390ms
 ✓ tests/w01-context.test.tsx (7 tests) 362ms
   ✓ bootstraps project before dependent capabilities and Work requests  324ms
 ✓ tests/work-graph.test.tsx (5 tests) 506ms
   ✓ native graph controls select, collapse, focus and zoom without issuing graph or per-node requests  495ms
 ✓ tests/w01-lab.test.tsx (9 tests) 763ms
 ✓ tests/frontend-review-findings.test.tsx (4 tests) 801ms
   ✓ FR-1: every contract link relation is recognized and navigates by relation; unknown targets stay text  366ms
 ✓ tests/mock-projection.test.ts (5 tests) 1019ms
     ✓ history cursor retains starting count despite appends and control revision changes  1003ms
 ✓ tests/work-d1.test.tsx (6 tests) 1483ms
   ✓ changing terminal state filter reaches older archived work with server filtering  534ms
   ✓ virtualized page renders a bounded window and provides an accessible complete-page view  773ms
 ✓ tests/w02-investigation.test.tsx (15 tests) 1773ms
     ✓ keeps mounted results, restores URL panels with Back/Forward, and adds no Why request  827ms
 ✓ tests/core-pages.test.tsx (12 tests) 2296ms
   ✓ Runs includes invocations without harness runs and links to nested harness inspection  443ms
   ✓ History holds a bounded cursor window over 50000 records without requesting integrity when unsupported  711ms
   ✓ History annotations are separately bounded and keep content hashes and trust labels  771ms

 Test Files  14 passed (14)
      Tests  116 passed (116)
   Start at  07:09:56
   Duration  4.39s (transform 3.78s, setup 3.41s, import 7.11s, tests 10.54s, environment 14.00s)


> @aew/read-only-dashboard@0.1.0 build
> vite build && node scripts/check-production.mjs

vite v8.0.10 building client environment for production...

transforming...✓ 437 modules transformed.
rendering chunks...
computing gzip size...
dist/index.html                   0.49 kB │ gzip:   0.30 kB
dist/assets/index-7OuZDEnj.css   31.48 kB │ gzip:   7.35 kB
dist/assets/index-DoRF7rYp.js   592.68 kB │ gzip: 175.52 kB

[plugin builtin:vite-reporter] 
(!) Some chunks are larger than 500 kB after minification. Consider:
- Using dynamic import() to code-split the application
- Use build.rolldownOptions.output.codeSplitting to improve chunking: https://rolldown.rs/reference/OutputOptions.codeSplitting
- Adjust chunk size limit for this warning via build.chunkSizeWarningLimit.
✓ built in 279ms
Production build excludes fixtures and mock initialization

> @aew/read-only-dashboard@0.1.0 build:demo
> vite build --mode demo

vite v8.0.10 building client environment for demo...

transforming...✓ 688 modules transformed.
rendering chunks...
computing gzip size...
dist-demo/index.html                               0.74 kB │ gzip:   0.37 kB
dist-demo/assets/index-7OuZDEnj.css               31.48 kB │ gzip:   7.35 kB
dist-demo/assets/jsx-runtime-Cu7Iu-c-.js           0.43 kB │ gzip:   0.30 kB
dist-demo/assets/DemoTools-B3Wk4owS.js             0.55 kB │ gzip:   0.36 kB
dist-demo/assets/rolldown-runtime-S-ySWqyJ.js      0.69 kB │ gzip:   0.42 kB
dist-demo/assets/Lab-CcO-gwPE.js                   6.47 kB │ gzip:   2.63 kB
dist-demo/assets/transport-D-nkCDK-.js            14.23 kB │ gzip:   5.25 kB
dist-demo/assets/browser-PtrIBsAM.js             273.85 kB │ gzip:  92.69 kB
dist-demo/assets/index-BjiTOPTq.js               579.65 kB │ gzip: 171.61 kB
dist-demo/assets/worlds-Cfp5AcLf.js            1,125.32 kB │ gzip:  43.48 kB

✓ built in 289ms
[plugin builtin:vite-reporter] 
(!) Some chunks are larger than 500 kB after minification. Consider:
- Using dynamic import() to code-split the application
- Use build.rolldownOptions.output.codeSplitting to improve chunking: https://rolldown.rs/reference/OutputOptions.codeSplitting
- Adjust chunk size limit for this warning via build.chunkSizeWarningLimit.
