v22.22.2
10.9.7
3cab231b1ea36beabd4352426ca56d9a9c5bdbec14d78ac719b26cb7b369b0b2  package-lock.json
d6356958ad38cd52e4383f869a9a05b20b44fa98be22ce0240bd3b182521980f  /opt/spt-frontend/frontend-npm-manifest.json
9b6b6030d1958c80ec6b284e03a46cc3b050cde0ad008f5157c13520b0bf3246  /opt/spt-frontend/SHA256SUMS

added 395 packages in 11s

> @aew/read-only-dashboard@0.1.0 generate:types
> openapi-typescript ../docs/design/dashboard-api-v1-provisional.yaml -o src/api/types.ts

✨ openapi-typescript 7.13.0
🚀 ../docs/design/dashboard-api-v1-provisional.yaml → src/api/types.ts [186.8ms]
Accepted API 0.1.2: 68b46527c4df974fde8ae5808e7d3c6bc588a4010a3d5d2adbe47f4c7583d691

> @aew/read-only-dashboard@0.1.0 check:scenario
> node --experimental-strip-types scripts/scenario-artifact.mjs

Scenario configuration artifacts match their runtime schema
Journal preview schema and fixture digests match

> @aew/read-only-dashboard@0.1.0 typecheck
> tsc --noEmit


> @aew/read-only-dashboard@0.1.0 lint
> eslint .


> @aew/read-only-dashboard@0.1.0 test
> vitest run


[1m[30m[46m RUN [49m[39m[22m [36mv4.1.5 [39m[90m/tmp/aew/web[39m

 [32m✓[39m tests/contract.test.ts [2m([22m[2m28 tests[22m[2m)[22m[33m 307[2mms[22m[39m
 [32m✓[39m tests/developer-tools.test.tsx [2m([22m[2m7 tests[22m[2m)[22m[33m 888[2mms[22m[39m
   [33m[2m✓[22m[39m historical graph bounds supplied references and does not automatically crawl them [33m 844[2mms[22m[39m
 [32m✓[39m tests/transport.test.ts [2m([22m[2m3 tests[22m[2m)[22m[32m 26[2mms[22m[39m
 [32m✓[39m tests/w01-context.test.tsx [2m([22m[2m7 tests[22m[2m)[22m[33m 389[2mms[22m[39m
   [33m[2m✓[22m[39m bootstraps project before dependent capabilities and Work requests [33m 349[2mms[22m[39m
 [32m✓[39m tests/content.test.tsx [2m([22m[2m6 tests[22m[2m)[22m[32m 290[2mms[22m[39m
 [32m✓[39m tests/refresh.test.tsx [2m([22m[2m4 tests[22m[2m)[22m[32m 145[2mms[22m[39m
 [32m✓[39m tests/work-graph.test.tsx [2m([22m[2m5 tests[22m[2m)[22m[33m 627[2mms[22m[39m
   [33m[2m✓[22m[39m native graph controls select, collapse, focus and zoom without issuing graph or per-node requests [33m 617[2mms[22m[39m
 [32m✓[39m tests/w01-lab.test.tsx [2m([22m[2m9 tests[22m[2m)[22m[33m 1079[2mms[22m[39m
   [33m[2m✓[22m[39m composed replay conditional 304 preserves generation and malformed refresh preserves cached content [33m 307[2mms[22m[39m
 [32m✓[39m tests/revision-reconciliation.test.tsx [2m([22m[2m5 tests[22m[2m)[22m[33m 483[2mms[22m[39m
 [32m✓[39m tests/frontend-review-findings.test.tsx [2m([22m[2m4 tests[22m[2m)[22m[33m 1243[2mms[22m[39m
   [33m[2m✓[22m[39m FR-1: every contract link relation is recognized and navigates by relation; unknown targets stay text [33m 674[2mms[22m[39m
   [33m[2m✓[22m[39m FR-2: advancing every 3 seconds for 60 seconds catches slower and manual projections up without a persistent warning [33m 342[2mms[22m[39m
 [32m✓[39m tests/mock-projection.test.ts [2m([22m[2m5 tests[22m[2m)[22m[33m 1595[2mms[22m[39m
     [33m[2m✓[22m[39m history cursor retains starting count despite appends and control revision changes [33m 1578[2mms[22m[39m
 [32m✓[39m tests/work-d1.test.tsx [2m([22m[2m6 tests[22m[2m)[22m[33m 2267[2mms[22m[39m
   [33m[2m✓[22m[39m changing terminal state filter reaches older archived work with server filtering [33m 665[2mms[22m[39m
   [33m[2m✓[22m[39m virtualized page renders a bounded window and provides an accessible complete-page view [33m 1242[2mms[22m[39m
   [33m[2m✓[22m[39m shrinking a refreshed page clamps the virtual window rather than leaving blank rows [33m 317[2mms[22m[39m
 [32m✓[39m tests/w02-investigation.test.tsx [2m([22m[2m16 tests[22m[2m)[22m[33m 3102[2mms[22m[39m
     [33m[2m✓[22m[39m keeps mounted results, restores URL panels with Back/Forward, and adds no Why request [33m 1065[2mms[22m[39m
   [33m[2m✓[22m[39m explicit read-session reset remounts graph and drops an old expansion even when fetch ignores abort [33m 552[2mms[22m[39m
 [32m✓[39m tests/w03-journal.test.tsx [2m([22m[2m10 tests[22m[2m)[22m[33m 3118[2mms[22m[39m
     [33m[2m✓[22m[39m validates all authored cases and rejects raw prompts and malformed timestamps [33m 893[2mms[22m[39m
     [33m[2m✓[22m[39m server pages 10000 entries by 50 and binds cursors to filters [33m 756[2mms[22m[39m
     [33m[2m✓[22m[39m has explicit missing explanation and evidence and preserves selection under filters [33m 894[2mms[22m[39m
     [33m[2m✓[22m[39m exposes the full fictional chain without developer tools [33m 512[2mms[22m[39m
 [32m✓[39m tests/core-pages.test.tsx [2m([22m[2m12 tests[22m[2m)[22m[33m 4226[2mms[22m[39m
   [33m[2m✓[22m[39m Runs includes invocations without harness runs and links to nested harness inspection [33m 603[2mms[22m[39m
   [33m[2m✓[22m[39m History holds a bounded cursor window over 50000 records without requesting integrity when unsupported [33m 1182[2mms[22m[39m
   [33m[2m✓[22m[39m History annotations are separately bounded and keep content hashes and trust labels [33m 1837[2mms[22m[39m

[2m Test Files [22m [1m[32m15 passed[39m[22m[90m (15)[39m
[2m      Tests [22m [1m[32m127 passed[39m[22m[90m (127)[39m
[2m   Start at [22m 18:24:24
[2m   Duration [22m 8.01s[2m (transform 8.11s, setup 4.98s, import 13.60s, tests 19.79s, environment 28.45s)[22m


> @aew/read-only-dashboard@0.1.0 build
> vite build && node scripts/check-production.mjs

vite v8.0.10 building client environment for production...
[2Ktransforming...✓ 437 modules transformed.
rendering chunks...
computing gzip size...
dist/index.html                   0.49 kB │ gzip:   0.30 kB
dist/assets/index-C60RyE8a.css   33.23 kB │ gzip:   7.70 kB
dist/assets/index-3LTR3WHK.js   593.23 kB │ gzip: 175.74 kB

✓ built in 921ms
[plugin builtin:vite-reporter]
(!) Some chunks are larger than 500 kB after minification. Consider:
- Using dynamic import() to code-split the application
- Use build.rolldownOptions.output.codeSplitting to improve chunking: https://rolldown.rs/reference/OutputOptions.codeSplitting
- Adjust chunk size limit for this warning via build.chunkSizeWarningLimit.
Production build excludes fixtures and mock initialization

> @aew/read-only-dashboard@0.1.0 build:demo
> vite build --mode demo

vite v8.0.10 building client environment for demo...
[2Ktransforming...✓ 697 modules transformed.
rendering chunks...
computing gzip size...
dist-demo/index.html                               0.74 kB │ gzip:   0.37 kB
dist-demo/assets/index-C60RyE8a.css               33.23 kB │ gzip:   7.70 kB
dist-demo/assets/jsx-runtime-Cu7Iu-c-.js           0.43 kB │ gzip:   0.30 kB
dist-demo/assets/DemoTools-B3Wk4owS.js             0.55 kB │ gzip:   0.36 kB
dist-demo/assets/rolldown-runtime-S-ySWqyJ.js      0.69 kB │ gzip:   0.42 kB
dist-demo/assets/registration-D0kpPIQQ.js          1.65 kB │ gzip:   0.81 kB
dist-demo/assets/schema-ChCCGGr5.js                1.88 kB │ gzip:   0.92 kB
dist-demo/assets/Lab-DLdHuCBV.js                   7.71 kB │ gzip:   3.02 kB
dist-demo/assets/transport-HUNZqih7.js            14.36 kB │ gzip:   5.30 kB
dist-demo/assets/Journal-DPNc497f.js              16.04 kB │ gzip:   4.94 kB
dist-demo/assets/browser-JFa3yehj.js             281.84 kB │ gzip:  95.66 kB
dist-demo/assets/index-BHvHmSJ_.js               580.62 kB │ gzip: 172.03 kB
dist-demo/assets/worlds-Cfp5AcLf.js            1,125.32 kB │ gzip:  43.48 kB

[plugin builtin:vite-reporter]
(!) Some chunks are larger than 500 kB after minification. Consider:
- Using dynamic import() to code-split the application
- Use build.rolldownOptions.output.codeSplitting to improve chunking: https://rolldown.rs/reference/OutputOptions.codeSplitting
- Adjust chunk size limit for this warning via build.chunkSizeWarningLimit.
✓ built in 864ms
