./assets/Comparison-Dc4r0-RI.js: OK
./assets/ContextReferences-IHtIy1vf.js: OK
./assets/Controls-CRiK9QuY.js: OK
./assets/DemoTools-B3Wk4owS.js: OK
./assets/Journal-fWzFcdX5.js: OK
./assets/Lab-RKfL0Ok-.js: OK
./assets/PacketInspector-Dhs-TN4H.js: OK
./assets/Reader-DJhLLYP6.js: OK
./assets/Recorder-CChO-3LA.js: OK
./assets/Reference-HCtiaN-k.js: OK
./assets/associations-PzH66BJv.js: OK
./assets/browser-DJso0CrX.js: OK
./assets/execution-fixtures.manifest-BWwzP4o_.js: OK
./assets/index-BU2O3Eso.js: OK
./assets/index-DWAoQmdF.css: OK
./assets/jsx-runtime-Cu7Iu-c-.js: OK
./assets/projector-B9d0a4fz.js: OK
./assets/registration-CHCqQtRe.js: OK
./assets/registration-D0DhxDP1.js: OK
./assets/registration-Dmq1U_zs.js: OK
./assets/registration-gr-sUGu0.js: OK
./assets/rolldown-runtime-S-ySWqyJ.js: OK
./assets/runtime-VxcMbZHF.js: OK
./assets/schema-BgidspsQ.js: OK
./assets/schema-CRjb6kdN.js: OK
./assets/schema-DW2XXBLI.js: OK
./assets/schema-bqcOYULz.js: OK
./assets/transport-Dzh_oLTu.js: OK
./assets/ui-3Lf7jW_e.js: OK
./assets/worlds-Cfp5AcLf.js: OK
./favicon.svg: OK
./index.html: OK
./mockServiceWorker.js: OK
