v22.22.2
10.9.7
3cab231b1ea36beabd4352426ca56d9a9c5bdbec14d78ac719b26cb7b369b0b2  package-lock.json
d6356958ad38cd52e4383f869a9a05b20b44fa98be22ce0240bd3b182521980f  /opt/spt-frontend/frontend-npm-manifest.json
9b6b6030d1958c80ec6b284e03a46cc3b050cde0ad008f5157c13520b0bf3246  /opt/spt-frontend/SHA256SUMS

added 395 packages in 4s

> @aew/read-only-dashboard@0.1.0 generate:types
> openapi-typescript ../docs/design/dashboard-api-v1-provisional.yaml -o src/api/types.ts

✨ openapi-typescript 7.13.0
🚀 ../docs/design/dashboard-api-v1-provisional.yaml → src/api/types.ts [86ms]
Accepted API 0.1.2: 68b46527c4df974fde8ae5808e7d3c6bc588a4010a3d5d2adbe47f4c7583d691

> @aew/read-only-dashboard@0.1.0 check:scenario
> node --experimental-strip-types scripts/scenario-artifact.mjs

Scenario configuration artifacts match their runtime schema

> @aew/read-only-dashboard@0.1.0 typecheck
> tsc --noEmit


> @aew/read-only-dashboard@0.1.0 lint
> eslint .


> @aew/read-only-dashboard@0.1.0 test
> vitest run


[1m[30m[46m RUN [49m[39m[22m [36mv4.1.5 [39m[90m/tmp/aew/web[39m

 [31m❯[39m tests/ci-paths.test.ts [2m([22m[2m0 test[22m[2m)[22m
 [32m✓[39m tests/transport.test.ts [2m([22m[2m3 tests[22m[2m)[22m[32m 20[2mms[22m[39m
 [32m✓[39m tests/refresh.test.tsx [2m([22m[2m4 tests[22m[2m)[22m[32m 46[2mms[22m[39m
 [32m✓[39m tests/revision-reconciliation.test.tsx [2m([22m[2m5 tests[22m[2m)[22m[32m 280[2mms[22m[39m
 [32m✓[39m tests/contract.test.ts [2m([22m[2m28 tests[22m[2m)[22m[32m 188[2mms[22m[39m
 [32m✓[39m tests/content.test.tsx [2m([22m[2m6 tests[22m[2m)[22m[32m 137[2mms[22m[39m
 [32m✓[39m tests/developer-tools.test.tsx [2m([22m[2m7 tests[22m[2m)[22m[33m 449[2mms[22m[39m
   [33m[2m✓[22m[39m historical graph bounds supplied references and does not automatically crawl them [33m 425[2mms[22m[39m
 [32m✓[39m tests/w01-context.test.tsx [2m([22m[2m7 tests[22m[2m)[22m[32m 254[2mms[22m[39m
 [32m✓[39m tests/work-graph.test.tsx [2m([22m[2m5 tests[22m[2m)[22m[33m 383[2mms[22m[39m
   [33m[2m✓[22m[39m native graph controls select, collapse, focus and zoom without issuing graph or per-node requests [33m 375[2mms[22m[39m
 [32m✓[39m tests/frontend-review-findings.test.tsx [2m([22m[2m4 tests[22m[2m)[22m[33m 551[2mms[22m[39m
 [32m✓[39m tests/w01-lab.test.tsx [2m([22m[2m9 tests[22m[2m)[22m[33m 554[2mms[22m[39m
 [32m✓[39m tests/mock-projection.test.ts [2m([22m[2m5 tests[22m[2m)[22m[33m 776[2mms[22m[39m
     [33m[2m✓[22m[39m history cursor retains starting count despite appends and control revision changes [33m 762[2mms[22m[39m
 [32m✓[39m tests/work-d1.test.tsx [2m([22m[2m6 tests[22m[2m)[22m[33m 1230[2mms[22m[39m
   [33m[2m✓[22m[39m changing terminal state filter reaches older archived work with server filtering [33m 361[2mms[22m[39m
   [33m[2m✓[22m[39m virtualized page renders a bounded window and provides an accessible complete-page view [33m 671[2mms[22m[39m
 [32m✓[39m tests/core-pages.test.tsx [2m([22m[2m12 tests[22m[2m)[22m[33m 1987[2mms[22m[39m
   [33m[2m✓[22m[39m History holds a bounded cursor window over 50000 records without requesting integrity when unsupported [33m 654[2mms[22m[39m
   [33m[2m✓[22m[39m History annotations are separately bounded and keep content hashes and trust labels [33m 788[2mms[22m[39m

[31m⎯⎯⎯⎯⎯⎯[39m[1m[41m Failed Suites 1 [49m[22m[31m⎯⎯⎯⎯⎯⎯⎯[39m

[41m[1m FAIL [22m[49m tests/ci-paths.test.ts[2m [ tests/ci-paths.test.ts ][22m
[31m[1mError[22m: spawnSync git ENOENT[39m
[36m [2m❯[22m git tests/ci-paths.test.ts:[2m15:36[22m[39m
    [90m 13|[39m [35mconst[39m repo [33m=[39m [34mjoin[39m(scratch[33m,[39m [32m'repo'[39m)[33m;[39m
    [90m 14|[39m [34mmkdirSync[39m(repo)[33m;[39m
    [90m 15|[39m const git = (...args: string[]) => execFileSync('git', args, { cwd: re…
    [90m   |[39m                                    [31m^[39m
    [90m 16|[39m [34mgit[39m([32m'init'[39m[33m,[39m [32m'-q'[39m[33m,[39m [32m'-b'[39m[33m,[39m [32m'main'[39m)[33m;[39m
    [90m 17|[39m [34mgit[39m([32m'config'[39m[33m,[39m [32m'user.email'[39m[33m,[39m [32m'ci-probe@example.invalid'[39m)[33m;[39m
[90m [2m❯[22m tests/ci-paths.test.ts:[2m16:1[22m[39m

[31m[2m⎯⎯⎯⎯⎯⎯⎯⎯⎯⎯⎯⎯⎯⎯⎯⎯⎯⎯⎯⎯⎯⎯⎯⎯[1/1]⎯[22m[39m


[2m Test Files [22m [1m[31m1 failed[39m[22m[2m | [22m[1m[32m13 passed[39m[22m[90m (14)[39m
[2m      Tests [22m [1m[32m101 passed[39m[22m[90m (101)[39m
[2m   Start at [22m 05:49:38
[2m   Duration [22m 3.80s[2m (transform 2.39s, setup 2.81s, import 4.70s, tests 6.85s, environment 12.23s)[22m

